A DataChangeMonitor with ID DataChangeMonitor001 does not exist.
ReadList : Cell F27 in Types: Remaining rows are ignored after empty header cell.
ReadList : Cell H5 in Types: Remaining rows are ignored after empty header cell.
ReadList : Cell H5 in Types: Remaining rows are ignored after empty header cell.
ReadList : Cell K21 in Types: Remaining rows are ignored after empty header cell.
ReadList : Cell A127 in Activities: Remaining rows are ignored after empty header cell.
ReadList : Cell A127 in Activities: Remaining rows are ignored after empty header cell.
ReadList : Cell A127 in Activities: Remaining rows are ignored after empty header cell.
ReadList : Cell A127 in Activities: Remaining rows are ignored after empty header cell.
ReadList : Cell A127 in Activities: Remaining rows are ignored after empty header cell.
ReadList : Cell A127 in Activities: Remaining rows are ignored after empty header cell.
ReadList : Cell A127 in Activities: Remaining rows are ignored after empty header cell.
ReadTable : Cell A127 in Activities: Remaining rows are ignored after empty header cell.
ReadTable : Cell FD3 in HourlyProfiles: Remaining columns are ignored after empty header cell.
ReadList : Cell A901 in Technologies: Remaining rows are ignored after empty header cell.
ReadList : Cell A901 in Technologies: Remaining rows are ignored after empty header cell.
ReadList : Cell A901 in Technologies: Remaining rows are ignored after empty header cell.
ReadList : Cell A901 in Technologies: Remaining rows are ignored after empty header cell.
ReadList : Cell A901 in Technologies: Remaining rows are ignored after empty header cell.
ReadList : Cell A901 in Technologies: Remaining rows are ignored after empty header cell.
ReadTable : Cell A901 in Technologies: Remaining rows are ignored after empty header cell.
The maximum of 20 warnings reached, further warnings suppressed.  See also option maximal_number_of_warnings_reported
Warning at line 1 in the definition of set "international_transport".
The element 'CO2 Air Int. Transport' is not in the set "activities_solve", see also the option warning_explicit_element_not_in_set.
Warning at line 1 in the definition of set "international_transport".
The element 'CO2 Air Int. Transport' is not in the set "activities_solve", see also the option warning_explicit_element_not_in_set.
ReadList : Cell F27 in Types: Remaining rows are ignored after empty header cell.
ReadList : Cell H5 in Types: Remaining rows are ignored after empty header cell.
ReadList : Cell H5 in Types: Remaining rows are ignored after empty header cell.
ReadList : Cell K21 in Types: Remaining rows are ignored after empty header cell.
ReadList : Cell A127 in Activities: Remaining rows are ignored after empty header cell.
ReadList : Cell A127 in Activities: Remaining rows are ignored after empty header cell.
ReadList : Cell A127 in Activities: Remaining rows are ignored after empty header cell.
ReadList : Cell A127 in Activities: Remaining rows are ignored after empty header cell.
ReadList : Cell A127 in Activities: Remaining rows are ignored after empty header cell.
ReadList : Cell A127 in Activities: Remaining rows are ignored after empty header cell.
ReadList : Cell A127 in Activities: Remaining rows are ignored after empty header cell.
ReadTable : Cell A127 in Activities: Remaining rows are ignored after empty header cell.
ReadTable : Cell FD3 in HourlyProfiles: Remaining columns are ignored after empty header cell.
ReadList : Cell A901 in Technologies: Remaining rows are ignored after empty header cell.
ReadList : Cell A901 in Technologies: Remaining rows are ignored after empty header cell.
ReadList : Cell A901 in Technologies: Remaining rows are ignored after empty header cell.
ReadList : Cell A901 in Technologies: Remaining rows are ignored after empty header cell.
ReadList : Cell A901 in Technologies: Remaining rows are ignored after empty header cell.
ReadList : Cell A901 in Technologies: Remaining rows are ignored after empty header cell.
ReadTable : Cell A901 in Technologies: Remaining rows are ignored after empty header cell.
The maximum of 20 warnings reached, further warnings suppressed.  See also option maximal_number_of_warnings_reported
Warning at line 1 in the definition of set "international_transport".
The element 'CO2 Air Int. Transport' is not in the set "activities_solve", see also the option warning_explicit_element_not_in_set.
Warning at line 1 in the definition of set "international_transport".
The element 'CO2 Air Int. Transport' is not in the set "activities_solve", see also the option warning_explicit_element_not_in_set.
Input/output error at line 7 in user-defined function section "pro::LibraryTermination".
The user function library C:\Users\fattahia\AppData\Local\AIMMS\PRO\\AimmsProLibrary-2.0\x64\AimmsPROClient.dll cannot be found.
Input/output error at line 7 in user-defined function section "pro::LibraryTermination".
The library C:\Users\fattahia\AppData\Local\AIMMS\PRO\\AimmsProLibrary-2.0\x64\AimmsPROClient.dll has not been loaded because: Error loading library : The parameter is incorrect.
Execution error at line 7 in user-defined function section "pro::LibraryTermination".
The dll for external procedure "pro::management::IsInitialized" has not been found.
