There is 112.582 Mb in use.
ReadList : Cell F27 in Types: Remaining rows are ignored after empty header cell.
ReadList : Cell H5 in Types: Remaining rows are ignored after empty header cell.
ReadList : Cell H5 in Types: Remaining rows are ignored after empty header cell.
ReadList : Cell K21 in Types: Remaining rows are ignored after empty header cell.
ReadList : Cell A127 in Activities: Remaining rows are ignored after empty header cell.
ReadList : Cell A127 in Activities: Remaining rows are ignored after empty header cell.
ReadList : Cell A127 in Activities: Remaining rows are ignored after empty header cell.
ReadList : Cell A127 in Activities: Remaining rows are ignored after empty header cell.
ReadList : Cell A127 in Activities: Remaining rows are ignored after empty header cell.
ReadList : Cell A127 in Activities: Remaining rows are ignored after empty header cell.
ReadList : Cell A127 in Activities: Remaining rows are ignored after empty header cell.
ReadTable : Cell A127 in Activities: Remaining rows are ignored after empty header cell.
ReadTable : Cell FD3 in HourlyProfiles: Remaining columns are ignored after empty header cell.
ReadList : Cell A901 in Technologies: Remaining rows are ignored after empty header cell.
ReadList : Cell A901 in Technologies: Remaining rows are ignored after empty header cell.
ReadList : Cell A901 in Technologies: Remaining rows are ignored after empty header cell.
ReadList : Cell A901 in Technologies: Remaining rows are ignored after empty header cell.
ReadList : Cell A901 in Technologies: Remaining rows are ignored after empty header cell.
ReadList : Cell A901 in Technologies: Remaining rows are ignored after empty header cell.
ReadTable : Cell A901 in Technologies: Remaining rows are ignored after empty header cell.
The maximum of 20 warnings reached, further warnings suppressed. 
See also option maximal_number_of_warnings_reported
AIMMS scaling changed the scaling factors of 925811 columns and 1170477 rows (score: 1450509 -> 4787).
Passing model from AIMMS to GUROBI 12.0 required 0.98 seconds.
Warning at line 1 in the definition of set "international_transport":
The element 'CO2 Air Int. Transport' is not in the set "activities_solve", see also the option warning_explicit_element_not_in_set.
Warning at line 1 in the definition of set "international_transport":
The element 'CO2 Air Int. Transport' is not in the set "activities_solve", see also the option warning_explicit_element_not_in_set.
Warning: The element 'CO2 Air Int. Transport' is not in the set "activities_solve", see also the option warning_explicit_element_not_in_set.
ReadList : Cell F27 in Types: Remaining rows are ignored after empty header cell.
ReadList : Cell H5 in Types: Remaining rows are ignored after empty header cell.
ReadList : Cell H5 in Types: Remaining rows are ignored after empty header cell.
ReadList : Cell K21 in Types: Remaining rows are ignored after empty header cell.
ReadList : Cell A127 in Activities: Remaining rows are ignored after empty header cell.
ReadList : Cell A127 in Activities: Remaining rows are ignored after empty header cell.
ReadList : Cell A127 in Activities: Remaining rows are ignored after empty header cell.
ReadList : Cell A127 in Activities: Remaining rows are ignored after empty header cell.
ReadList : Cell A127 in Activities: Remaining rows are ignored after empty header cell.
ReadList : Cell A127 in Activities: Remaining rows are ignored after empty header cell.
ReadList : Cell A127 in Activities: Remaining rows are ignored after empty header cell.
ReadTable : Cell A127 in Activities: Remaining rows are ignored after empty header cell.
ReadTable : Cell FD3 in HourlyProfiles: Remaining columns are ignored after empty header cell.
ReadList : Cell A901 in Technologies: Remaining rows are ignored after empty header cell.
ReadList : Cell A901 in Technologies: Remaining rows are ignored after empty header cell.
ReadList : Cell A901 in Technologies: Remaining rows are ignored after empty header cell.
ReadList : Cell A901 in Technologies: Remaining rows are ignored after empty header cell.
ReadList : Cell A901 in Technologies: Remaining rows are ignored after empty header cell.
ReadList : Cell A901 in Technologies: Remaining rows are ignored after empty header cell.
ReadTable : Cell A901 in Technologies: Remaining rows are ignored after empty header cell.
The maximum of 20 warnings reached, further warnings suppressed. 
See also option maximal_number_of_warnings_reported
AIMMS scaling changed the scaling factors of 938349 columns and 1120708 rows (score: 1468509 -> 5778).
Passing model from AIMMS to GUROBI 12.0 required 1.09 seconds.
Warning at line 1 in the definition of set "international_transport":
The element 'CO2 Air Int. Transport' is not in the set "activities_solve", see also the option warning_explicit_element_not_in_set.
Warning at line 1 in the definition of set "international_transport":
The element 'CO2 Air Int. Transport' is not in the set "activities_solve", see also the option warning_explicit_element_not_in_set.
Warning: The element 'CO2 Air Int. Transport' is not in the set "activities_solve", see also the option warning_explicit_element_not_in_set.
